TimeQuest Timing Analyzer report for HexpointThermostat
Thu Dec 21 18:04:16 2017
Quartus Prime Version 17.1.0 Build 590 10/25/2017 SJ Lite Edition


---------------------
; Table of Contents ;
---------------------
  1. Legal Notice
  2. TimeQuest Timing Analyzer Summary
  3. Parallel Compilation
  4. Clocks
  5. Fmax Summary
  6. Setup Summary
  7. Hold Summary
  8. Recovery Summary
  9. Removal Summary
 10. Minimum Pulse Width Summary
 11. Setup: 'CLK'
 12. Setup: 'count5bits:inst15|inst3'
 13. Setup: 'count5bits:inst1|inst3'
 14. Setup: 'count5bits:inst15|inst1'
 15. Setup: 'count5bits:inst1|inst'
 16. Setup: 'count5bits:inst15|inst2'
 17. Setup: 'count5bits:inst15|inst'
 18. Setup: 'count5bits:inst1|inst2'
 19. Setup: 'fbctestclk'
 20. Setup: 'count5bits:inst1|inst1'
 21. Hold: 'count5bits:inst1|inst1'
 22. Hold: 'fbctestclk'
 23. Hold: 'CLK'
 24. Hold: 'count5bits:inst1|inst2'
 25. Hold: 'count5bits:inst15|inst'
 26. Hold: 'count5bits:inst15|inst2'
 27. Hold: 'count5bits:inst1|inst'
 28. Hold: 'count5bits:inst15|inst1'
 29. Hold: 'count5bits:inst1|inst3'
 30. Hold: 'count5bits:inst15|inst3'
 31. Setup Transfers
 32. Hold Transfers
 33. Report TCCS
 34. Report RSKM
 35. Unconstrained Paths Summary
 36. Clock Status Summary
 37. Unconstrained Input Ports
 38. Unconstrained Output Ports
 39. Unconstrained Input Ports
 40. Unconstrained Output Ports
 41. TimeQuest Timing Analyzer Messages



----------------
; Legal Notice ;
----------------
Copyright (C) 2017  Intel Corporation. All rights reserved.
Your use of Intel Corporation's design tools, logic functions 
and other software and tools, and its AMPP partner logic 
functions, and any output files from any of the foregoing 
(including device programming or simulation files), and any 
associated documentation or information are expressly subject 
to the terms and conditions of the Intel Program License 
Subscription Agreement, the Intel Quartus Prime License Agreement,
the Intel FPGA IP License Agreement, or other applicable license
agreement, including, without limitation, that your use is for
the sole purpose of programming logic devices manufactured by
Intel and sold by Intel or its authorized distributors.  Please
refer to the applicable agreement for further details.



+-----------------------------------------------------------------------------+
; TimeQuest Timing Analyzer Summary                                           ;
+-----------------------+-----------------------------------------------------+
; Quartus Prime Version ; Version 17.1.0 Build 590 10/25/2017 SJ Lite Edition ;
; Timing Analyzer       ; TimeQuest                                           ;
; Revision Name         ; HexpointThermostat                                  ;
; Device Family         ; MAX V                                               ;
; Device Name           ; 5M570ZT100C5                                        ;
; Timing Models         ; Final                                               ;
; Delay Model           ; Slow Model                                          ;
; Rise/Fall Delays      ; Unavailable                                         ;
+-----------------------+-----------------------------------------------------+


+------------------------------------------+
; Parallel Compilation                     ;
+----------------------------+-------------+
; Processors                 ; Number      ;
+----------------------------+-------------+
; Number detected on machine ; 4           ;
; Maximum allowed            ; 2           ;
;                            ;             ;
; Average used               ; 1.00        ;
; Maximum used               ; 1           ;
;                            ;             ;
; Usage by Processor         ; % Time Used ;
;     Processor 1            ; 100.0%      ;
+----------------------------+-------------+


+------------------------------------------------------------------------------------------------------------------------------------------------------------------------------------------------------------------+
; Clocks                                                                                                                                                                                                           ;
+-------------------------+------+--------+------------+-------+-------+------------+-----------+-------------+-------+--------+-----------+------------+----------+--------+--------+-----------------------------+
; Clock Name              ; Type ; Period ; Frequency  ; Rise  ; Fall  ; Duty Cycle ; Divide by ; Multiply by ; Phase ; Offset ; Edge List ; Edge Shift ; Inverted ; Master ; Source ; Targets                     ;
+-------------------------+------+--------+------------+-------+-------+------------+-----------+-------------+-------+--------+-----------+------------+----------+--------+--------+-----------------------------+
; CLK                     ; Base ; 1.000  ; 1000.0 MHz ; 0.000 ; 0.500 ;            ;           ;             ;       ;        ;           ;            ;          ;        ;        ; { CLK }                     ;
; count5bits:inst1|inst   ; Base ; 1.000  ; 1000.0 MHz ; 0.000 ; 0.500 ;            ;           ;             ;       ;        ;           ;            ;          ;        ;        ; { count5bits:inst1|inst }   ;
; count5bits:inst1|inst1  ; Base ; 1.000  ; 1000.0 MHz ; 0.000 ; 0.500 ;            ;           ;             ;       ;        ;           ;            ;          ;        ;        ; { count5bits:inst1|inst1 }  ;
; count5bits:inst1|inst2  ; Base ; 1.000  ; 1000.0 MHz ; 0.000 ; 0.500 ;            ;           ;             ;       ;        ;           ;            ;          ;        ;        ; { count5bits:inst1|inst2 }  ;
; count5bits:inst1|inst3  ; Base ; 1.000  ; 1000.0 MHz ; 0.000 ; 0.500 ;            ;           ;             ;       ;        ;           ;            ;          ;        ;        ; { count5bits:inst1|inst3 }  ;
; count5bits:inst15|inst  ; Base ; 1.000  ; 1000.0 MHz ; 0.000 ; 0.500 ;            ;           ;             ;       ;        ;           ;            ;          ;        ;        ; { count5bits:inst15|inst }  ;
; count5bits:inst15|inst1 ; Base ; 1.000  ; 1000.0 MHz ; 0.000 ; 0.500 ;            ;           ;             ;       ;        ;           ;            ;          ;        ;        ; { count5bits:inst15|inst1 } ;
; count5bits:inst15|inst2 ; Base ; 1.000  ; 1000.0 MHz ; 0.000 ; 0.500 ;            ;           ;             ;       ;        ;           ;            ;          ;        ;        ; { count5bits:inst15|inst2 } ;
; count5bits:inst15|inst3 ; Base ; 1.000  ; 1000.0 MHz ; 0.000 ; 0.500 ;            ;           ;             ;       ;        ;           ;            ;          ;        ;        ; { count5bits:inst15|inst3 } ;
; fbctestclk              ; Base ; 1.000  ; 1000.0 MHz ; 0.000 ; 0.500 ;            ;           ;             ;       ;        ;           ;            ;          ;        ;        ; { fbctestclk }              ;
+-------------------------+------+--------+------------+-------+-------+------------+-----------+-------------+-------+--------+-----------+------------+----------+--------+--------+-----------------------------+


+---------------------------------------------------------------+
; Fmax Summary                                                  ;
+------------+-----------------+-------------------------+------+
; Fmax       ; Restricted Fmax ; Clock Name              ; Note ;
+------------+-----------------+-------------------------+------+
; 55.15 MHz  ; 55.15 MHz       ; CLK                     ;      ;
; 266.67 MHz ; 266.67 MHz      ; count5bits:inst15|inst3 ;      ;
; 269.47 MHz ; 269.47 MHz      ; count5bits:inst1|inst3  ;      ;
+------------+-----------------+-------------------------+------+
This panel reports FMAX for every clock in the design, regardless of the user-specified clock periods.  FMAX is only computed for paths where the source and destination registers or ports are driven by the same clock.  Paths of different clocks, including generated clocks, are ignored.  For paths between a clock and its inversion, FMAX is computed as if the rising and falling edges are scaled along with FMAX, such that the duty cycle (in terms of a percentage) is maintained. Altera recommends that you always use clock constraints and other slack reports for sign-off analysis.


+---------------------------------------------------+
; Setup Summary                                     ;
+-------------------------+---------+---------------+
; Clock                   ; Slack   ; End Point TNS ;
+-------------------------+---------+---------------+
; CLK                     ; -17.133 ; -1034.656     ;
; count5bits:inst15|inst3 ; -2.750  ; -2.750        ;
; count5bits:inst1|inst3  ; -2.711  ; -2.711        ;
; count5bits:inst15|inst1 ; 0.966   ; 0.000         ;
; count5bits:inst1|inst   ; 0.969   ; 0.000         ;
; count5bits:inst15|inst2 ; 1.904   ; 0.000         ;
; count5bits:inst15|inst  ; 1.983   ; 0.000         ;
; count5bits:inst1|inst2  ; 2.018   ; 0.000         ;
; fbctestclk              ; 3.216   ; 0.000         ;
; count5bits:inst1|inst1  ; 3.705   ; 0.000         ;
+-------------------------+---------+---------------+


+--------------------------------------------------+
; Hold Summary                                     ;
+-------------------------+--------+---------------+
; Clock                   ; Slack  ; End Point TNS ;
+-------------------------+--------+---------------+
; count5bits:inst1|inst1  ; -3.565 ; -3.565        ;
; fbctestclk              ; -3.076 ; -3.076        ;
; CLK                     ; -1.975 ; -1.975        ;
; count5bits:inst1|inst2  ; -1.878 ; -1.878        ;
; count5bits:inst15|inst  ; -1.843 ; -1.843        ;
; count5bits:inst15|inst2 ; -1.764 ; -1.764        ;
; count5bits:inst1|inst   ; -0.829 ; -0.829        ;
; count5bits:inst15|inst1 ; -0.826 ; -0.826        ;
; count5bits:inst1|inst3  ; 3.351  ; 0.000         ;
; count5bits:inst15|inst3 ; 3.390  ; 0.000         ;
+-------------------------+--------+---------------+


--------------------
; Recovery Summary ;
--------------------
No paths to report.


-------------------
; Removal Summary ;
-------------------
No paths to report.


+--------------------------------------------------+
; Minimum Pulse Width Summary                      ;
+-------------------------+--------+---------------+
; Clock                   ; Slack  ; End Point TNS ;
+-------------------------+--------+---------------+
; CLK                     ; -2.289 ; -2.289        ;
; fbctestclk              ; -2.289 ; -2.289        ;
; count5bits:inst15|inst  ; 0.161  ; 0.000         ;
; count5bits:inst15|inst1 ; 0.161  ; 0.000         ;
; count5bits:inst15|inst2 ; 0.161  ; 0.000         ;
; count5bits:inst15|inst3 ; 0.161  ; 0.000         ;
; count5bits:inst1|inst   ; 0.161  ; 0.000         ;
; count5bits:inst1|inst1  ; 0.161  ; 0.000         ;
; count5bits:inst1|inst2  ; 0.161  ; 0.000         ;
; count5bits:inst1|inst3  ; 0.161  ; 0.000         ;
+-------------------------+--------+---------------+


+-------------------------------------------------------------------------------------------------------------------------------------------------+
; Setup: 'CLK'                                                                                                                                    ;
+---------+--------------------------------+--------------------------------+--------------+-------------+--------------+------------+------------+
; Slack   ; From Node                      ; To Node                        ; Launch Clock ; Latch Clock ; Relationship ; Clock Skew ; Data Delay ;
+---------+--------------------------------+--------------------------------+--------------+-------------+--------------+------------+------------+
; -17.133 ; SetpointRegister:inst14|inst13 ; SetpointRegister:inst14|inst4  ; CLK          ; CLK         ; 1.000        ; 0.000      ; 17.812     ;
; -17.035 ; SetpointRegister:inst14|inst7  ; SetpointRegister:inst14|inst4  ; CLK          ; CLK         ; 1.000        ; 0.000      ; 17.714     ;
; -16.934 ; SetpointRegister:inst14|inst12 ; SetpointRegister:inst14|inst4  ; CLK          ; CLK         ; 1.000        ; 0.000      ; 17.613     ;
; -16.881 ; SetpointRegister:inst14|inst11 ; SetpointRegister:inst14|inst4  ; CLK          ; CLK         ; 1.000        ; 0.000      ; 17.560     ;
; -16.775 ; SetpointRegister:inst13|inst13 ; SetpointRegister:inst13|inst1  ; CLK          ; CLK         ; 1.000        ; 0.000      ; 17.454     ;
; -16.762 ; SetpointRegister:inst14|inst9  ; SetpointRegister:inst14|inst4  ; CLK          ; CLK         ; 1.000        ; 0.000      ; 17.441     ;
; -16.604 ; SetpointRegister:inst13|inst12 ; SetpointRegister:inst13|inst1  ; CLK          ; CLK         ; 1.000        ; 0.000      ; 17.283     ;
; -16.546 ; SetpointRegister:inst13|inst8  ; SetpointRegister:inst13|inst1  ; CLK          ; CLK         ; 1.000        ; 0.000      ; 17.225     ;
; -16.451 ; SetpointRegister:inst13|inst9  ; SetpointRegister:inst13|inst1  ; CLK          ; CLK         ; 1.000        ; 0.000      ; 17.130     ;
; -16.430 ; SetpointRegister:inst13|inst13 ; SetpointRegister:inst13|inst9  ; CLK          ; CLK         ; 1.000        ; 0.000      ; 17.109     ;
; -16.421 ; SetpointRegister:inst14|inst10 ; SetpointRegister:inst14|inst4  ; CLK          ; CLK         ; 1.000        ; 0.000      ; 17.100     ;
; -16.361 ; SetpointRegister:inst14|inst13 ; SetpointRegister:inst14|inst9  ; CLK          ; CLK         ; 1.000        ; 0.000      ; 17.040     ;
; -16.336 ; SetpointRegister:inst14|inst8  ; SetpointRegister:inst14|inst4  ; CLK          ; CLK         ; 1.000        ; 0.000      ; 17.015     ;
; -16.336 ; SetpointRegister:inst13|inst11 ; SetpointRegister:inst13|inst1  ; CLK          ; CLK         ; 1.000        ; 0.000      ; 17.015     ;
; -16.259 ; SetpointRegister:inst13|inst12 ; SetpointRegister:inst13|inst9  ; CLK          ; CLK         ; 1.000        ; 0.000      ; 16.938     ;
; -16.162 ; SetpointRegister:inst14|inst12 ; SetpointRegister:inst14|inst9  ; CLK          ; CLK         ; 1.000        ; 0.000      ; 16.841     ;
; -16.109 ; SetpointRegister:inst14|inst11 ; SetpointRegister:inst14|inst9  ; CLK          ; CLK         ; 1.000        ; 0.000      ; 16.788     ;
; -16.041 ; SetpointRegister:inst14|inst6  ; SetpointRegister:inst14|inst4  ; CLK          ; CLK         ; 1.000        ; 0.000      ; 16.720     ;
; -15.991 ; SetpointRegister:inst13|inst11 ; SetpointRegister:inst13|inst9  ; CLK          ; CLK         ; 1.000        ; 0.000      ; 16.670     ;
; -15.909 ; SetpointRegister:inst12|inst9  ; SetpointRegister:inst12|inst2  ; CLK          ; CLK         ; 1.000        ; 0.000      ; 16.588     ;
; -15.899 ; SetpointRegister:inst13|inst5  ; SetpointRegister:inst13|inst1  ; CLK          ; CLK         ; 1.000        ; 0.000      ; 16.578     ;
; -15.848 ; SetpointRegister:inst14|inst5  ; SetpointRegister:inst14|inst4  ; CLK          ; CLK         ; 1.000        ; 0.000      ; 16.527     ;
; -15.820 ; SetpointRegister:inst12|inst9  ; SetpointRegister:inst12|inst3  ; CLK          ; CLK         ; 1.000        ; 0.000      ; 16.499     ;
; -15.806 ; SetpointRegister:inst13|inst13 ; SetpointRegister:inst13|inst3  ; CLK          ; CLK         ; 1.000        ; 0.000      ; 16.485     ;
; -15.649 ; SetpointRegister:inst14|inst10 ; SetpointRegister:inst14|inst9  ; CLK          ; CLK         ; 1.000        ; 0.000      ; 16.328     ;
; -15.635 ; SetpointRegister:inst13|inst12 ; SetpointRegister:inst13|inst3  ; CLK          ; CLK         ; 1.000        ; 0.000      ; 16.314     ;
; -15.577 ; SetpointRegister:inst13|inst8  ; SetpointRegister:inst13|inst3  ; CLK          ; CLK         ; 1.000        ; 0.000      ; 16.256     ;
; -15.534 ; SetpointRegister:inst13|inst13 ; SetpointRegister:inst13|inst2  ; CLK          ; CLK         ; 1.000        ; 0.000      ; 16.213     ;
; -15.518 ; SetpointRegister:inst14|inst13 ; SetpointRegister:inst14|inst7  ; CLK          ; CLK         ; 1.000        ; 0.000      ; 16.197     ;
; -15.499 ; SetpointRegister:inst12|inst12 ; SetpointRegister:inst12|inst2  ; CLK          ; CLK         ; 1.000        ; 0.000      ; 16.178     ;
; -15.482 ; SetpointRegister:inst13|inst9  ; SetpointRegister:inst13|inst3  ; CLK          ; CLK         ; 1.000        ; 0.000      ; 16.161     ;
; -15.425 ; SetpointRegister:inst12|inst5  ; SetpointRegister:inst12|inst2  ; CLK          ; CLK         ; 1.000        ; 0.000      ; 16.104     ;
; -15.410 ; SetpointRegister:inst12|inst12 ; SetpointRegister:inst12|inst3  ; CLK          ; CLK         ; 1.000        ; 0.000      ; 16.089     ;
; -15.393 ; SetpointRegister:inst11|inst5  ; SetpointRegister:inst11|inst2  ; CLK          ; CLK         ; 1.000        ; 0.000      ; 16.072     ;
; -15.386 ; SetpointRegister:inst12|inst11 ; SetpointRegister:inst12|inst2  ; CLK          ; CLK         ; 1.000        ; 0.000      ; 16.065     ;
; -15.367 ; SetpointRegister:inst13|inst11 ; SetpointRegister:inst13|inst3  ; CLK          ; CLK         ; 1.000        ; 0.000      ; 16.046     ;
; -15.363 ; SetpointRegister:inst13|inst12 ; SetpointRegister:inst13|inst2  ; CLK          ; CLK         ; 1.000        ; 0.000      ; 16.042     ;
; -15.336 ; SetpointRegister:inst12|inst5  ; SetpointRegister:inst12|inst3  ; CLK          ; CLK         ; 1.000        ; 0.000      ; 16.015     ;
; -15.319 ; SetpointRegister:inst14|inst12 ; SetpointRegister:inst14|inst7  ; CLK          ; CLK         ; 1.000        ; 0.000      ; 15.998     ;
; -15.305 ; SetpointRegister:inst13|inst8  ; SetpointRegister:inst13|inst2  ; CLK          ; CLK         ; 1.000        ; 0.000      ; 15.984     ;
; -15.297 ; SetpointRegister:inst12|inst11 ; SetpointRegister:inst12|inst3  ; CLK          ; CLK         ; 1.000        ; 0.000      ; 15.976     ;
; -15.266 ; SetpointRegister:inst14|inst11 ; SetpointRegister:inst14|inst7  ; CLK          ; CLK         ; 1.000        ; 0.000      ; 15.945     ;
; -15.264 ; SetpointRegister:inst12|inst4  ; SetpointRegister:inst12|inst2  ; CLK          ; CLK         ; 1.000        ; 0.000      ; 15.943     ;
; -15.260 ; SetpointRegister:inst12|inst7  ; SetpointRegister:inst12|inst2  ; CLK          ; CLK         ; 1.000        ; 0.000      ; 15.939     ;
; -15.254 ; SetpointRegister:inst9|inst7   ; SetpointRegister:inst9|inst2   ; CLK          ; CLK         ; 1.000        ; 0.000      ; 15.933     ;
; -15.218 ; SetpointRegister:inst13|inst3  ; SetpointRegister:inst13|inst1  ; CLK          ; CLK         ; 1.000        ; 0.000      ; 15.897     ;
; -15.215 ; SetpointRegister:inst9|inst11  ; SetpointRegister:inst9|inst2   ; CLK          ; CLK         ; 1.000        ; 0.000      ; 15.894     ;
; -15.210 ; SetpointRegister:inst13|inst9  ; SetpointRegister:inst13|inst2  ; CLK          ; CLK         ; 1.000        ; 0.000      ; 15.889     ;
; -15.194 ; SetpointRegister:inst12|inst9  ; SetpointRegister:inst12|inst1  ; CLK          ; CLK         ; 1.000        ; 0.000      ; 15.873     ;
; -15.175 ; SetpointRegister:inst12|inst4  ; SetpointRegister:inst12|inst3  ; CLK          ; CLK         ; 1.000        ; 0.000      ; 15.854     ;
; -15.171 ; SetpointRegister:inst12|inst7  ; SetpointRegister:inst12|inst3  ; CLK          ; CLK         ; 1.000        ; 0.000      ; 15.850     ;
; -15.147 ; SetpointRegister:inst14|inst9  ; SetpointRegister:inst14|inst7  ; CLK          ; CLK         ; 1.000        ; 0.000      ; 15.826     ;
; -15.140 ; SetpointRegister:inst13|inst2  ; SetpointRegister:inst13|inst1  ; CLK          ; CLK         ; 1.000        ; 0.000      ; 15.819     ;
; -15.134 ; SetpointRegister:inst14|inst4  ; SetpointRegister:inst14|inst4  ; CLK          ; CLK         ; 1.000        ; 0.000      ; 15.813     ;
; -15.105 ; SetpointRegister:inst14|inst13 ; SetpointRegister:inst14|inst6  ; CLK          ; CLK         ; 1.000        ; 0.000      ; 15.784     ;
; -15.095 ; SetpointRegister:inst13|inst11 ; SetpointRegister:inst13|inst2  ; CLK          ; CLK         ; 1.000        ; 0.000      ; 15.774     ;
; -15.047 ; SetpointRegister:inst9|inst6   ; SetpointRegister:inst9|inst2   ; CLK          ; CLK         ; 1.000        ; 0.000      ; 15.726     ;
; -14.998 ; SetpointRegister:inst14|inst13 ; SetpointRegister:inst14|inst8  ; CLK          ; CLK         ; 1.000        ; 0.000      ; 15.677     ;
; -14.981 ; SetpointRegister:inst11|inst5  ; SetpointRegister:inst11|inst1  ; CLK          ; CLK         ; 1.000        ; 0.000      ; 15.660     ;
; -14.952 ; SetpointRegister:inst11|inst5  ; SetpointRegister:inst11|inst3  ; CLK          ; CLK         ; 1.000        ; 0.000      ; 15.631     ;
; -14.932 ; SetpointRegister:inst13|inst9  ; SetpointRegister:inst13|inst9  ; CLK          ; CLK         ; 1.000        ; 0.000      ; 15.611     ;
; -14.930 ; SetpointRegister:inst13|inst5  ; SetpointRegister:inst13|inst3  ; CLK          ; CLK         ; 1.000        ; 0.000      ; 15.609     ;
; -14.906 ; SetpointRegister:inst14|inst12 ; SetpointRegister:inst14|inst6  ; CLK          ; CLK         ; 1.000        ; 0.000      ; 15.585     ;
; -14.875 ; SetpointRegister:inst9|inst5   ; SetpointRegister:inst9|inst2   ; CLK          ; CLK         ; 1.000        ; 0.000      ; 15.554     ;
; -14.853 ; SetpointRegister:inst14|inst11 ; SetpointRegister:inst14|inst6  ; CLK          ; CLK         ; 1.000        ; 0.000      ; 15.532     ;
; -14.816 ; SetpointRegister:inst14|inst9  ; SetpointRegister:inst14|inst9  ; CLK          ; CLK         ; 1.000        ; 0.000      ; 15.495     ;
; -14.806 ; SetpointRegister:inst14|inst10 ; SetpointRegister:inst14|inst7  ; CLK          ; CLK         ; 1.000        ; 0.000      ; 15.485     ;
; -14.799 ; SetpointRegister:inst14|inst12 ; SetpointRegister:inst14|inst8  ; CLK          ; CLK         ; 1.000        ; 0.000      ; 15.478     ;
; -14.784 ; SetpointRegister:inst12|inst12 ; SetpointRegister:inst12|inst1  ; CLK          ; CLK         ; 1.000        ; 0.000      ; 15.463     ;
; -14.746 ; SetpointRegister:inst14|inst11 ; SetpointRegister:inst14|inst8  ; CLK          ; CLK         ; 1.000        ; 0.000      ; 15.425     ;
; -14.734 ; SetpointRegister:inst14|inst9  ; SetpointRegister:inst14|inst6  ; CLK          ; CLK         ; 1.000        ; 0.000      ; 15.413     ;
; -14.710 ; SetpointRegister:inst9|inst8   ; SetpointRegister:inst9|inst2   ; CLK          ; CLK         ; 1.000        ; 0.000      ; 15.389     ;
; -14.710 ; SetpointRegister:inst12|inst5  ; SetpointRegister:inst12|inst1  ; CLK          ; CLK         ; 1.000        ; 0.000      ; 15.389     ;
; -14.687 ; SetpointRegister:inst14|inst7  ; SetpointRegister:inst14|inst6  ; CLK          ; CLK         ; 1.000        ; 0.000      ; 15.366     ;
; -14.671 ; SetpointRegister:inst12|inst11 ; SetpointRegister:inst12|inst1  ; CLK          ; CLK         ; 1.000        ; 0.000      ; 15.350     ;
; -14.658 ; SetpointRegister:inst13|inst5  ; SetpointRegister:inst13|inst2  ; CLK          ; CLK         ; 1.000        ; 0.000      ; 15.337     ;
; -14.643 ; SetpointRegister:inst14|inst13 ; SetpointRegister:inst14|inst11 ; CLK          ; CLK         ; 1.000        ; 0.000      ; 15.322     ;
; -14.628 ; SetpointRegister:inst14|inst13 ; SetpointRegister:inst14|inst12 ; CLK          ; CLK         ; 1.000        ; 0.000      ; 15.307     ;
; -14.627 ; SetpointRegister:inst14|inst9  ; SetpointRegister:inst14|inst8  ; CLK          ; CLK         ; 1.000        ; 0.000      ; 15.306     ;
; -14.618 ; SetpointRegister:inst14|inst13 ; SetpointRegister:inst14|inst5  ; CLK          ; CLK         ; 1.000        ; 0.000      ; 15.297     ;
; -14.568 ; SetpointRegister:inst9|inst4   ; SetpointRegister:inst9|inst2   ; CLK          ; CLK         ; 1.000        ; 0.000      ; 15.247     ;
; -14.549 ; SetpointRegister:inst12|inst4  ; SetpointRegister:inst12|inst1  ; CLK          ; CLK         ; 1.000        ; 0.000      ; 15.228     ;
; -14.545 ; SetpointRegister:inst12|inst7  ; SetpointRegister:inst12|inst1  ; CLK          ; CLK         ; 1.000        ; 0.000      ; 15.224     ;
; -14.525 ; SetpointRegister:inst13|inst4  ; SetpointRegister:inst13|inst1  ; CLK          ; CLK         ; 1.000        ; 0.000      ; 15.204     ;
; -14.520 ; SetpointRegister:inst13|inst7  ; SetpointRegister:inst13|inst1  ; CLK          ; CLK         ; 1.000        ; 0.000      ; 15.199     ;
; -14.482 ; SetpointRegister:inst13|inst10 ; SetpointRegister:inst13|inst1  ; CLK          ; CLK         ; 1.000        ; 0.000      ; 15.161     ;
; -14.444 ; SetpointRegister:inst14|inst12 ; SetpointRegister:inst14|inst11 ; CLK          ; CLK         ; 1.000        ; 0.000      ; 15.123     ;
; -14.419 ; SetpointRegister:inst14|inst12 ; SetpointRegister:inst14|inst5  ; CLK          ; CLK         ; 1.000        ; 0.000      ; 15.098     ;
; -14.393 ; SetpointRegister:inst14|inst10 ; SetpointRegister:inst14|inst6  ; CLK          ; CLK         ; 1.000        ; 0.000      ; 15.072     ;
; -14.380 ; SetpointRegister:inst13|inst6  ; SetpointRegister:inst13|inst1  ; CLK          ; CLK         ; 1.000        ; 0.000      ; 15.059     ;
; -14.366 ; SetpointRegister:inst14|inst11 ; SetpointRegister:inst14|inst5  ; CLK          ; CLK         ; 1.000        ; 0.000      ; 15.045     ;
; -14.360 ; SetpointRegister:inst14|inst7  ; SetpointRegister:inst14|inst5  ; CLK          ; CLK         ; 1.000        ; 0.000      ; 15.039     ;
; -14.343 ; SetpointRegister:inst11|inst5  ; SetpointRegister:inst11|inst4  ; CLK          ; CLK         ; 1.000        ; 0.000      ; 15.022     ;
; -14.286 ; SetpointRegister:inst14|inst10 ; SetpointRegister:inst14|inst8  ; CLK          ; CLK         ; 1.000        ; 0.000      ; 14.965     ;
; -14.247 ; SetpointRegister:inst14|inst9  ; SetpointRegister:inst14|inst5  ; CLK          ; CLK         ; 1.000        ; 0.000      ; 14.926     ;
; -14.241 ; SetpointRegister:inst14|inst8  ; SetpointRegister:inst14|inst7  ; CLK          ; CLK         ; 1.000        ; 0.000      ; 14.920     ;
; -14.202 ; SetpointRegister:inst13|inst13 ; SetpointRegister:inst13|inst12 ; CLK          ; CLK         ; 1.000        ; 0.000      ; 14.881     ;
; -14.137 ; SetpointRegister:inst13|inst10 ; SetpointRegister:inst13|inst9  ; CLK          ; CLK         ; 1.000        ; 0.000      ; 14.816     ;
; -14.090 ; SetpointRegister:inst14|inst7  ; SetpointRegister:inst14|inst7  ; CLK          ; CLK         ; 1.000        ; 0.000      ; 14.769     ;
; -14.058 ; SetpointRegister:inst12|inst3  ; SetpointRegister:inst12|inst2  ; CLK          ; CLK         ; 1.000        ; 0.000      ; 14.737     ;
+---------+--------------------------------+--------------------------------+--------------+-------------+--------------+------------+------------+


+---------------------------------------------------------------------------------------------------------------------------------------------------------+
; Setup: 'count5bits:inst15|inst3'                                                                                                                        ;
+--------+-------------------------+-------------------------+-------------------------+-------------------------+--------------+------------+------------+
; Slack  ; From Node               ; To Node                 ; Launch Clock            ; Latch Clock             ; Relationship ; Clock Skew ; Data Delay ;
+--------+-------------------------+-------------------------+-------------------------+-------------------------+--------------+------------+------------+
; -2.750 ; count5bits:inst15|inst4 ; count5bits:inst15|inst4 ; count5bits:inst15|inst3 ; count5bits:inst15|inst3 ; 1.000        ; 0.000      ; 3.429      ;
+--------+-------------------------+-------------------------+-------------------------+-------------------------+--------------+------------+------------+


+-----------------------------------------------------------------------------------------------------------------------------------------------------+
; Setup: 'count5bits:inst1|inst3'                                                                                                                     ;
+--------+------------------------+------------------------+------------------------+------------------------+--------------+------------+------------+
; Slack  ; From Node              ; To Node                ; Launch Clock           ; Latch Clock            ; Relationship ; Clock Skew ; Data Delay ;
+--------+------------------------+------------------------+------------------------+------------------------+--------------+------------+------------+
; -2.711 ; count5bits:inst1|inst4 ; count5bits:inst1|inst4 ; count5bits:inst1|inst3 ; count5bits:inst1|inst3 ; 1.000        ; 0.000      ; 3.390      ;
+--------+------------------------+------------------------+------------------------+------------------------+--------------+------------+------------+


+--------------------------------------------------------------------------------------------------------------------------------------------------------+
; Setup: 'count5bits:inst15|inst1'                                                                                                                       ;
+-------+-------------------------+-------------------------+-------------------------+-------------------------+--------------+------------+------------+
; Slack ; From Node               ; To Node                 ; Launch Clock            ; Latch Clock             ; Relationship ; Clock Skew ; Data Delay ;
+-------+-------------------------+-------------------------+-------------------------+-------------------------+--------------+------------+------------+
; 0.966 ; count5bits:inst15|inst2 ; count5bits:inst15|inst2 ; count5bits:inst15|inst2 ; count5bits:inst15|inst1 ; 0.500        ; 3.713      ; 3.420      ;
; 1.466 ; count5bits:inst15|inst2 ; count5bits:inst15|inst2 ; count5bits:inst15|inst2 ; count5bits:inst15|inst1 ; 1.000        ; 3.713      ; 3.420      ;
+-------+-------------------------+-------------------------+-------------------------+-------------------------+--------------+------------+------------+


+---------------------------------------------------------------------------------------------------------------------------------------------------+
; Setup: 'count5bits:inst1|inst'                                                                                                                    ;
+-------+------------------------+------------------------+------------------------+-----------------------+--------------+------------+------------+
; Slack ; From Node              ; To Node                ; Launch Clock           ; Latch Clock           ; Relationship ; Clock Skew ; Data Delay ;
+-------+------------------------+------------------------+------------------------+-----------------------+--------------+------------+------------+
; 0.969 ; count5bits:inst1|inst1 ; count5bits:inst1|inst1 ; count5bits:inst1|inst1 ; count5bits:inst1|inst ; 0.500        ; 3.686      ; 3.390      ;
; 1.469 ; count5bits:inst1|inst1 ; count5bits:inst1|inst1 ; count5bits:inst1|inst1 ; count5bits:inst1|inst ; 1.000        ; 3.686      ; 3.390      ;
+-------+------------------------+------------------------+------------------------+-----------------------+--------------+------------+------------+


+--------------------------------------------------------------------------------------------------------------------------------------------------------+
; Setup: 'count5bits:inst15|inst2'                                                                                                                       ;
+-------+-------------------------+-------------------------+-------------------------+-------------------------+--------------+------------+------------+
; Slack ; From Node               ; To Node                 ; Launch Clock            ; Latch Clock             ; Relationship ; Clock Skew ; Data Delay ;
+-------+-------------------------+-------------------------+-------------------------+-------------------------+--------------+------------+------------+
; 1.904 ; count5bits:inst15|inst3 ; count5bits:inst15|inst3 ; count5bits:inst15|inst3 ; count5bits:inst15|inst2 ; 0.500        ; 4.690      ; 3.459      ;
; 2.404 ; count5bits:inst15|inst3 ; count5bits:inst15|inst3 ; count5bits:inst15|inst3 ; count5bits:inst15|inst2 ; 1.000        ; 4.690      ; 3.459      ;
+-------+-------------------------+-------------------------+-------------------------+-------------------------+--------------+------------+------------+


+-------------------------------------------------------------------------------------------------------------------------------------------------------+
; Setup: 'count5bits:inst15|inst'                                                                                                                       ;
+-------+-------------------------+-------------------------+-------------------------+------------------------+--------------+------------+------------+
; Slack ; From Node               ; To Node                 ; Launch Clock            ; Latch Clock            ; Relationship ; Clock Skew ; Data Delay ;
+-------+-------------------------+-------------------------+-------------------------+------------------------+--------------+------------+------------+
; 1.983 ; count5bits:inst15|inst1 ; count5bits:inst15|inst1 ; count5bits:inst15|inst1 ; count5bits:inst15|inst ; 0.500        ; 4.747      ; 3.437      ;
; 2.483 ; count5bits:inst15|inst1 ; count5bits:inst15|inst1 ; count5bits:inst15|inst1 ; count5bits:inst15|inst ; 1.000        ; 4.747      ; 3.437      ;
+-------+-------------------------+-------------------------+-------------------------+------------------------+--------------+------------+------------+


+----------------------------------------------------------------------------------------------------------------------------------------------------+
; Setup: 'count5bits:inst1|inst2'                                                                                                                    ;
+-------+------------------------+------------------------+------------------------+------------------------+--------------+------------+------------+
; Slack ; From Node              ; To Node                ; Launch Clock           ; Latch Clock            ; Relationship ; Clock Skew ; Data Delay ;
+-------+------------------------+------------------------+------------------------+------------------------+--------------+------------+------------+
; 2.018 ; count5bits:inst1|inst3 ; count5bits:inst1|inst3 ; count5bits:inst1|inst3 ; count5bits:inst1|inst2 ; 0.500        ; 4.759      ; 3.414      ;
; 2.518 ; count5bits:inst1|inst3 ; count5bits:inst1|inst3 ; count5bits:inst1|inst3 ; count5bits:inst1|inst2 ; 1.000        ; 4.759      ; 3.414      ;
+-------+------------------------+------------------------+------------------------+------------------------+--------------+------------+------------+


+--------------------------------------------------------------------------------------------------------------------------------------+
; Setup: 'fbctestclk'                                                                                                                  ;
+-------+-----------------------+-----------------------+-----------------------+-------------+--------------+------------+------------+
; Slack ; From Node             ; To Node               ; Launch Clock          ; Latch Clock ; Relationship ; Clock Skew ; Data Delay ;
+-------+-----------------------+-----------------------+-----------------------+-------------+--------------+------------+------------+
; 3.216 ; count5bits:inst1|inst ; count5bits:inst1|inst ; count5bits:inst1|inst ; fbctestclk  ; 0.500        ; 5.957      ; 3.414      ;
; 3.716 ; count5bits:inst1|inst ; count5bits:inst1|inst ; count5bits:inst1|inst ; fbctestclk  ; 1.000        ; 5.957      ; 3.414      ;
+-------+-----------------------+-----------------------+-----------------------+-------------+--------------+------------+------------+


+----------------------------------------------------------------------------------------------------------------------------------------------------+
; Setup: 'count5bits:inst1|inst1'                                                                                                                    ;
+-------+------------------------+------------------------+------------------------+------------------------+--------------+------------+------------+
; Slack ; From Node              ; To Node                ; Launch Clock           ; Latch Clock            ; Relationship ; Clock Skew ; Data Delay ;
+-------+------------------------+------------------------+------------------------+------------------------+--------------+------------+------------+
; 3.705 ; count5bits:inst1|inst2 ; count5bits:inst1|inst2 ; count5bits:inst1|inst2 ; count5bits:inst1|inst1 ; 0.500        ; 6.422      ; 3.390      ;
; 4.205 ; count5bits:inst1|inst2 ; count5bits:inst1|inst2 ; count5bits:inst1|inst2 ; count5bits:inst1|inst1 ; 1.000        ; 6.422      ; 3.390      ;
+-------+------------------------+------------------------+------------------------+------------------------+--------------+------------+------------+


+-----------------------------------------------------------------------------------------------------------------------------------------------------+
; Hold: 'count5bits:inst1|inst1'                                                                                                                      ;
+--------+------------------------+------------------------+------------------------+------------------------+--------------+------------+------------+
; Slack  ; From Node              ; To Node                ; Launch Clock           ; Latch Clock            ; Relationship ; Clock Skew ; Data Delay ;
+--------+------------------------+------------------------+------------------------+------------------------+--------------+------------+------------+
; -3.565 ; count5bits:inst1|inst2 ; count5bits:inst1|inst2 ; count5bits:inst1|inst2 ; count5bits:inst1|inst1 ; 0.000        ; 6.422      ; 3.390      ;
; -3.065 ; count5bits:inst1|inst2 ; count5bits:inst1|inst2 ; count5bits:inst1|inst2 ; count5bits:inst1|inst1 ; -0.500       ; 6.422      ; 3.390      ;
+--------+------------------------+------------------------+------------------------+------------------------+--------------+------------+------------+


+---------------------------------------------------------------------------------------------------------------------------------------+
; Hold: 'fbctestclk'                                                                                                                    ;
+--------+-----------------------+-----------------------+-----------------------+-------------+--------------+------------+------------+
; Slack  ; From Node             ; To Node               ; Launch Clock          ; Latch Clock ; Relationship ; Clock Skew ; Data Delay ;
+--------+-----------------------+-----------------------+-----------------------+-------------+--------------+------------+------------+
; -3.076 ; count5bits:inst1|inst ; count5bits:inst1|inst ; count5bits:inst1|inst ; fbctestclk  ; 0.000        ; 5.957      ; 3.414      ;
; -2.576 ; count5bits:inst1|inst ; count5bits:inst1|inst ; count5bits:inst1|inst ; fbctestclk  ; -0.500       ; 5.957      ; 3.414      ;
+--------+-----------------------+-----------------------+-----------------------+-------------+--------------+------------+------------+


+----------------------------------------------------------------------------------------------------------------------------------------------------------+
; Hold: 'CLK'                                                                                                                                              ;
+--------+--------------------------------+--------------------------------+------------------------+-------------+--------------+------------+------------+
; Slack  ; From Node                      ; To Node                        ; Launch Clock           ; Latch Clock ; Relationship ; Clock Skew ; Data Delay ;
+--------+--------------------------------+--------------------------------+------------------------+-------------+--------------+------------+------------+
; -1.975 ; count5bits:inst15|inst         ; count5bits:inst15|inst         ; count5bits:inst15|inst ; CLK         ; 0.000        ; 4.832      ; 3.390      ;
; -1.475 ; count5bits:inst15|inst         ; count5bits:inst15|inst         ; count5bits:inst15|inst ; CLK         ; -0.500       ; 4.832      ; 3.390      ;
; 3.350  ; SetpointRegister:inst11|inst7  ; SetpointRegister:inst11|inst7  ; CLK                    ; CLK         ; 0.000        ; 0.000      ; 3.389      ;
; 3.350  ; SetpointRegister:inst10|inst4  ; SetpointRegister:inst10|inst4  ; CLK                    ; CLK         ; 0.000        ; 0.000      ; 3.389      ;
; 3.350  ; SetpointRegister:inst9|inst4   ; SetpointRegister:inst9|inst4   ; CLK                    ; CLK         ; 0.000        ; 0.000      ; 3.389      ;
; 3.362  ; SetpointRegister:inst9|inst13  ; SetpointRegister:inst9|inst13  ; CLK                    ; CLK         ; 0.000        ; 0.000      ; 3.401      ;
; 3.364  ; SetpointRegister:inst10|inst2  ; SetpointRegister:inst10|inst2  ; CLK                    ; CLK         ; 0.000        ; 0.000      ; 3.403      ;
; 3.364  ; SetpointRegister:inst12|inst7  ; SetpointRegister:inst12|inst7  ; CLK                    ; CLK         ; 0.000        ; 0.000      ; 3.403      ;
; 3.364  ; SetpointRegister:inst14|inst9  ; SetpointRegister:inst14|inst9  ; CLK                    ; CLK         ; 0.000        ; 0.000      ; 3.403      ;
; 3.364  ; SetpointRegister:inst13|inst10 ; SetpointRegister:inst13|inst10 ; CLK                    ; CLK         ; 0.000        ; 0.000      ; 3.403      ;
; 3.364  ; SetpointRegister:inst12|inst11 ; SetpointRegister:inst12|inst11 ; CLK                    ; CLK         ; 0.000        ; 0.000      ; 3.403      ;
; 3.364  ; SetpointRegister:inst13|inst13 ; SetpointRegister:inst13|inst13 ; CLK                    ; CLK         ; 0.000        ; 0.000      ; 3.403      ;
; 3.375  ; SetpointRegister:inst11|inst2  ; SetpointRegister:inst11|inst2  ; CLK                    ; CLK         ; 0.000        ; 0.000      ; 3.414      ;
; 3.375  ; SetpointRegister:inst12|inst4  ; SetpointRegister:inst12|inst4  ; CLK                    ; CLK         ; 0.000        ; 0.000      ; 3.414      ;
; 3.375  ; SetpointRegister:inst13|inst7  ; SetpointRegister:inst13|inst7  ; CLK                    ; CLK         ; 0.000        ; 0.000      ; 3.414      ;
; 3.376  ; SetpointRegister:inst14|inst2  ; SetpointRegister:inst14|inst2  ; CLK                    ; CLK         ; 0.000        ; 0.000      ; 3.415      ;
; 3.377  ; SetpointRegister:inst10|inst10 ; SetpointRegister:inst10|inst10 ; CLK                    ; CLK         ; 0.000        ; 0.000      ; 3.416      ;
; 3.377  ; SetpointRegister:inst10|inst13 ; SetpointRegister:inst10|inst13 ; CLK                    ; CLK         ; 0.000        ; 0.000      ; 3.416      ;
; 3.740  ; SetpointRegister:inst10|inst9  ; SetpointRegister:inst10|inst9  ; CLK                    ; CLK         ; 0.000        ; 0.000      ; 3.779      ;
; 3.741  ; SetpointRegister:inst10|inst8  ; SetpointRegister:inst10|inst8  ; CLK                    ; CLK         ; 0.000        ; 0.000      ; 3.780      ;
; 3.751  ; SetpointRegister:inst14|inst4  ; SetpointRegister:inst14|inst4  ; CLK                    ; CLK         ; 0.000        ; 0.000      ; 3.790      ;
; 3.752  ; SetpointRegister:inst11|inst5  ; SetpointRegister:inst11|inst5  ; CLK                    ; CLK         ; 0.000        ; 0.000      ; 3.791      ;
; 3.752  ; SetpointRegister:inst14|inst11 ; SetpointRegister:inst14|inst11 ; CLK                    ; CLK         ; 0.000        ; 0.000      ; 3.791      ;
; 3.764  ; SetpointRegister:inst9|inst9   ; SetpointRegister:inst9|inst9   ; CLK                    ; CLK         ; 0.000        ; 0.000      ; 3.803      ;
; 3.764  ; SetpointRegister:inst14|inst7  ; SetpointRegister:inst14|inst7  ; CLK                    ; CLK         ; 0.000        ; 0.000      ; 3.803      ;
; 3.764  ; SetpointRegister:inst12|inst9  ; SetpointRegister:inst12|inst9  ; CLK                    ; CLK         ; 0.000        ; 0.000      ; 3.803      ;
; 3.765  ; SetpointRegister:inst9|inst8   ; SetpointRegister:inst9|inst8   ; CLK                    ; CLK         ; 0.000        ; 0.000      ; 3.804      ;
; 3.765  ; SetpointRegister:inst12|inst1  ; SetpointRegister:inst12|inst1  ; CLK                    ; CLK         ; 0.000        ; 0.000      ; 3.804      ;
; 3.765  ; SetpointRegister:inst12|inst3  ; SetpointRegister:inst12|inst3  ; CLK                    ; CLK         ; 0.000        ; 0.000      ; 3.804      ;
; 3.765  ; SetpointRegister:inst12|inst13 ; SetpointRegister:inst12|inst13 ; CLK                    ; CLK         ; 0.000        ; 0.000      ; 3.804      ;
; 4.436  ; SetpointRegister:inst13|inst4  ; SetpointRegister:inst13|inst4  ; CLK                    ; CLK         ; 0.000        ; 0.000      ; 4.475      ;
; 4.446  ; SetpointRegister:inst9|inst7   ; SetpointRegister:inst9|inst7   ; CLK                    ; CLK         ; 0.000        ; 0.000      ; 4.485      ;
; 4.783  ; SetpointRegister:inst13|inst12 ; SetpointRegister:inst13|inst12 ; CLK                    ; CLK         ; 0.000        ; 0.000      ; 4.822      ;
; 4.833  ; SetpointRegister:inst10|inst12 ; SetpointRegister:inst10|inst12 ; CLK                    ; CLK         ; 0.000        ; 0.000      ; 4.872      ;
; 4.894  ; SetpointRegister:inst9|inst12  ; SetpointRegister:inst9|inst12  ; CLK                    ; CLK         ; 0.000        ; 0.000      ; 4.933      ;
; 5.216  ; SetpointRegister:inst13|inst1  ; SetpointRegister:inst13|inst1  ; CLK                    ; CLK         ; 0.000        ; 0.000      ; 5.255      ;
; 5.216  ; SetpointRegister:inst13|inst3  ; SetpointRegister:inst13|inst3  ; CLK                    ; CLK         ; 0.000        ; 0.000      ; 5.255      ;
; 5.216  ; SetpointRegister:inst12|inst5  ; SetpointRegister:inst12|inst5  ; CLK                    ; CLK         ; 0.000        ; 0.000      ; 5.255      ;
; 5.217  ; SetpointRegister:inst14|inst8  ; SetpointRegister:inst14|inst8  ; CLK                    ; CLK         ; 0.000        ; 0.000      ; 5.256      ;
; 5.217  ; SetpointRegister:inst14|inst12 ; SetpointRegister:inst14|inst12 ; CLK                    ; CLK         ; 0.000        ; 0.000      ; 5.256      ;
; 5.228  ; SetpointRegister:inst11|inst10 ; SetpointRegister:inst11|inst10 ; CLK                    ; CLK         ; 0.000        ; 0.000      ; 5.267      ;
; 5.228  ; SetpointRegister:inst14|inst3  ; SetpointRegister:inst14|inst3  ; CLK                    ; CLK         ; 0.000        ; 0.000      ; 5.267      ;
; 5.228  ; SetpointRegister:inst13|inst8  ; SetpointRegister:inst13|inst8  ; CLK                    ; CLK         ; 0.000        ; 0.000      ; 5.267      ;
; 5.229  ; SetpointRegister:inst11|inst8  ; SetpointRegister:inst11|inst8  ; CLK                    ; CLK         ; 0.000        ; 0.000      ; 5.268      ;
; 5.229  ; SetpointRegister:inst11|inst13 ; SetpointRegister:inst11|inst13 ; CLK                    ; CLK         ; 0.000        ; 0.000      ; 5.268      ;
; 5.229  ; SetpointRegister:inst14|inst5  ; SetpointRegister:inst14|inst5  ; CLK                    ; CLK         ; 0.000        ; 0.000      ; 5.268      ;
; 5.229  ; SetpointRegister:inst13|inst6  ; SetpointRegister:inst13|inst6  ; CLK                    ; CLK         ; 0.000        ; 0.000      ; 5.268      ;
; 5.230  ; SetpointRegister:inst9|inst6   ; SetpointRegister:inst9|inst6   ; CLK                    ; CLK         ; 0.000        ; 0.000      ; 5.269      ;
; 5.243  ; SetpointRegister:inst10|inst1  ; SetpointRegister:inst10|inst1  ; CLK                    ; CLK         ; 0.000        ; 0.000      ; 5.282      ;
; 5.243  ; SetpointRegister:inst12|inst8  ; SetpointRegister:inst12|inst8  ; CLK                    ; CLK         ; 0.000        ; 0.000      ; 5.282      ;
; 5.243  ; SetpointRegister:inst13|inst11 ; SetpointRegister:inst13|inst11 ; CLK                    ; CLK         ; 0.000        ; 0.000      ; 5.282      ;
; 5.243  ; SetpointRegister:inst12|inst12 ; SetpointRegister:inst12|inst12 ; CLK                    ; CLK         ; 0.000        ; 0.000      ; 5.282      ;
; 5.245  ; SetpointRegister:inst10|inst6  ; SetpointRegister:inst10|inst6  ; CLK                    ; CLK         ; 0.000        ; 0.000      ; 5.284      ;
; 5.249  ; SetpointRegister:inst9|inst2   ; SetpointRegister:inst9|inst2   ; CLK                    ; CLK         ; 0.000        ; 0.000      ; 5.288      ;
; 5.254  ; SetpointRegister:inst11|inst1  ; SetpointRegister:inst11|inst1  ; CLK                    ; CLK         ; 0.000        ; 0.000      ; 5.293      ;
; 5.416  ; SetpointRegister:inst13|inst2  ; SetpointRegister:inst13|inst2  ; CLK                    ; CLK         ; 0.000        ; 0.000      ; 5.455      ;
; 5.417  ; SetpointRegister:inst11|inst9  ; SetpointRegister:inst11|inst9  ; CLK                    ; CLK         ; 0.000        ; 0.000      ; 5.456      ;
; 5.429  ; SetpointRegister:inst13|inst9  ; SetpointRegister:inst13|inst9  ; CLK                    ; CLK         ; 0.000        ; 0.000      ; 5.468      ;
; 5.429  ; SetpointRegister:inst14|inst13 ; SetpointRegister:inst14|inst13 ; CLK                    ; CLK         ; 0.000        ; 0.000      ; 5.468      ;
; 5.441  ; SetpointRegister:inst9|inst5   ; SetpointRegister:inst9|inst5   ; CLK                    ; CLK         ; 0.000        ; 0.000      ; 5.480      ;
; 5.441  ; SetpointRegister:inst12|inst6  ; SetpointRegister:inst12|inst6  ; CLK                    ; CLK         ; 0.000        ; 0.000      ; 5.480      ;
; 5.445  ; SetpointRegister:inst14|inst10 ; SetpointRegister:inst14|inst10 ; CLK                    ; CLK         ; 0.000        ; 0.000      ; 5.484      ;
; 6.310  ; SetpointRegister:inst11|inst11 ; SetpointRegister:inst11|inst11 ; CLK                    ; CLK         ; 0.000        ; 0.000      ; 6.349      ;
; 6.324  ; SetpointRegister:inst14|inst6  ; SetpointRegister:inst14|inst6  ; CLK                    ; CLK         ; 0.000        ; 0.000      ; 6.363      ;
; 6.350  ; SetpointRegister:inst13|inst5  ; SetpointRegister:inst13|inst5  ; CLK                    ; CLK         ; 0.000        ; 0.000      ; 6.389      ;
; 6.352  ; SetpointRegister:inst9|inst3   ; SetpointRegister:inst9|inst3   ; CLK                    ; CLK         ; 0.000        ; 0.000      ; 6.391      ;
; 6.534  ; SetpointRegister:inst11|inst12 ; SetpointRegister:inst11|inst12 ; CLK                    ; CLK         ; 0.000        ; 0.000      ; 6.573      ;
; 6.805  ; SetpointRegister:inst12|inst10 ; SetpointRegister:inst12|inst10 ; CLK                    ; CLK         ; 0.000        ; 0.000      ; 6.844      ;
; 6.819  ; SetpointRegister:inst10|inst7  ; SetpointRegister:inst10|inst7  ; CLK                    ; CLK         ; 0.000        ; 0.000      ; 6.858      ;
; 6.830  ; SetpointRegister:inst10|inst11 ; SetpointRegister:inst10|inst11 ; CLK                    ; CLK         ; 0.000        ; 0.000      ; 6.869      ;
; 7.244  ; SetpointRegister:inst9|inst11  ; SetpointRegister:inst9|inst11  ; CLK                    ; CLK         ; 0.000        ; 0.000      ; 7.283      ;
; 7.921  ; SetpointRegister:inst12|inst2  ; SetpointRegister:inst12|inst2  ; CLK                    ; CLK         ; 0.000        ; 0.000      ; 7.960      ;
; 7.991  ; SetpointRegister:inst9|inst1   ; SetpointRegister:inst9|inst1   ; CLK                    ; CLK         ; 0.000        ; 0.000      ; 8.030      ;
; 8.010  ; SetpointRegister:inst14|inst1  ; SetpointRegister:inst14|inst1  ; CLK                    ; CLK         ; 0.000        ; 0.000      ; 8.049      ;
; 8.458  ; SetpointRegister:inst10|inst5  ; SetpointRegister:inst10|inst5  ; CLK                    ; CLK         ; 0.000        ; 0.000      ; 8.497      ;
; 8.566  ; SetpointRegister:inst9|inst10  ; SetpointRegister:inst9|inst10  ; CLK                    ; CLK         ; 0.000        ; 0.000      ; 8.605      ;
; 8.693  ; SetpointRegister:inst11|inst3  ; SetpointRegister:inst11|inst3  ; CLK                    ; CLK         ; 0.000        ; 0.000      ; 8.732      ;
; 8.708  ; SetpointRegister:inst11|inst4  ; SetpointRegister:inst11|inst4  ; CLK                    ; CLK         ; 0.000        ; 0.000      ; 8.747      ;
; 8.860  ; SetpointRegister:inst10|inst3  ; SetpointRegister:inst10|inst3  ; CLK                    ; CLK         ; 0.000        ; 0.000      ; 8.899      ;
; 9.359  ; SetpointRegister:inst11|inst6  ; SetpointRegister:inst11|inst6  ; CLK                    ; CLK         ; 0.000        ; 0.000      ; 9.398      ;
; 10.330 ; SetpointRegister:inst11|inst13 ; SetpointRegister:inst11|inst12 ; CLK                    ; CLK         ; 0.000        ; 0.000      ; 10.369     ;
; 10.352 ; SetpointRegister:inst9|inst13  ; SetpointRegister:inst9|inst12  ; CLK                    ; CLK         ; 0.000        ; 0.000      ; 10.391     ;
; 10.363 ; SetpointRegister:inst13|inst7  ; SetpointRegister:inst13|inst6  ; CLK                    ; CLK         ; 0.000        ; 0.000      ; 10.402     ;
; 10.377 ; SetpointRegister:inst12|inst13 ; SetpointRegister:inst12|inst12 ; CLK                    ; CLK         ; 0.000        ; 0.000      ; 10.416     ;
; 10.377 ; SetpointRegister:inst10|inst13 ; SetpointRegister:inst10|inst12 ; CLK                    ; CLK         ; 0.000        ; 0.000      ; 10.416     ;
; 10.382 ; SetpointRegister:inst9|inst10  ; SetpointRegister:inst9|inst9   ; CLK                    ; CLK         ; 0.000        ; 0.000      ; 10.421     ;
; 10.397 ; SetpointRegister:inst14|inst2  ; SetpointRegister:inst14|inst1  ; CLK                    ; CLK         ; 0.000        ; 0.000      ; 10.436     ;
; 10.407 ; SetpointRegister:inst9|inst2   ; SetpointRegister:inst9|inst1   ; CLK                    ; CLK         ; 0.000        ; 0.000      ; 10.446     ;
; 10.412 ; SetpointRegister:inst12|inst10 ; SetpointRegister:inst12|inst9  ; CLK                    ; CLK         ; 0.000        ; 0.000      ; 10.451     ;
; 10.416 ; SetpointRegister:inst13|inst6  ; SetpointRegister:inst13|inst5  ; CLK                    ; CLK         ; 0.000        ; 0.000      ; 10.455     ;
; 10.417 ; SetpointRegister:inst11|inst2  ; SetpointRegister:inst11|inst1  ; CLK                    ; CLK         ; 0.000        ; 0.000      ; 10.456     ;
; 10.428 ; SetpointRegister:inst10|inst2  ; SetpointRegister:inst10|inst1  ; CLK                    ; CLK         ; 0.000        ; 0.000      ; 10.467     ;
; 10.480 ; SetpointRegister:inst14|inst3  ; SetpointRegister:inst14|inst1  ; CLK                    ; CLK         ; 0.000        ; 0.000      ; 10.519     ;
; 10.521 ; SetpointRegister:inst10|inst8  ; SetpointRegister:inst10|inst6  ; CLK                    ; CLK         ; 0.000        ; 0.000      ; 10.560     ;
; 10.540 ; SetpointRegister:inst13|inst7  ; SetpointRegister:inst13|inst5  ; CLK                    ; CLK         ; 0.000        ; 0.000      ; 10.579     ;
; 10.545 ; SetpointRegister:inst12|inst6  ; SetpointRegister:inst12|inst5  ; CLK                    ; CLK         ; 0.000        ; 0.000      ; 10.584     ;
; 10.554 ; SetpointRegister:inst12|inst8  ; SetpointRegister:inst12|inst6  ; CLK                    ; CLK         ; 0.000        ; 0.000      ; 10.593     ;
; 10.582 ; SetpointRegister:inst9|inst3   ; SetpointRegister:inst9|inst1   ; CLK                    ; CLK         ; 0.000        ; 0.000      ; 10.621     ;
; 10.585 ; SetpointRegister:inst10|inst12 ; SetpointRegister:inst10|inst9  ; CLK                    ; CLK         ; 0.000        ; 0.000      ; 10.624     ;
; 10.596 ; SetpointRegister:inst11|inst3  ; SetpointRegister:inst11|inst1  ; CLK                    ; CLK         ; 0.000        ; 0.000      ; 10.635     ;
+--------+--------------------------------+--------------------------------+------------------------+-------------+--------------+------------+------------+


+-----------------------------------------------------------------------------------------------------------------------------------------------------+
; Hold: 'count5bits:inst1|inst2'                                                                                                                      ;
+--------+------------------------+------------------------+------------------------+------------------------+--------------+------------+------------+
; Slack  ; From Node              ; To Node                ; Launch Clock           ; Latch Clock            ; Relationship ; Clock Skew ; Data Delay ;
+--------+------------------------+------------------------+------------------------+------------------------+--------------+------------+------------+
; -1.878 ; count5bits:inst1|inst3 ; count5bits:inst1|inst3 ; count5bits:inst1|inst3 ; count5bits:inst1|inst2 ; 0.000        ; 4.759      ; 3.414      ;
; -1.378 ; count5bits:inst1|inst3 ; count5bits:inst1|inst3 ; count5bits:inst1|inst3 ; count5bits:inst1|inst2 ; -0.500       ; 4.759      ; 3.414      ;
+--------+------------------------+------------------------+------------------------+------------------------+--------------+------------+------------+


+--------------------------------------------------------------------------------------------------------------------------------------------------------+
; Hold: 'count5bits:inst15|inst'                                                                                                                         ;
+--------+-------------------------+-------------------------+-------------------------+------------------------+--------------+------------+------------+
; Slack  ; From Node               ; To Node                 ; Launch Clock            ; Latch Clock            ; Relationship ; Clock Skew ; Data Delay ;
+--------+-------------------------+-------------------------+-------------------------+------------------------+--------------+------------+------------+
; -1.843 ; count5bits:inst15|inst1 ; count5bits:inst15|inst1 ; count5bits:inst15|inst1 ; count5bits:inst15|inst ; 0.000        ; 4.747      ; 3.437      ;
; -1.343 ; count5bits:inst15|inst1 ; count5bits:inst15|inst1 ; count5bits:inst15|inst1 ; count5bits:inst15|inst ; -0.500       ; 4.747      ; 3.437      ;
+--------+-------------------------+-------------------------+-------------------------+------------------------+--------------+------------+------------+


+---------------------------------------------------------------------------------------------------------------------------------------------------------+
; Hold: 'count5bits:inst15|inst2'                                                                                                                         ;
+--------+-------------------------+-------------------------+-------------------------+-------------------------+--------------+------------+------------+
; Slack  ; From Node               ; To Node                 ; Launch Clock            ; Latch Clock             ; Relationship ; Clock Skew ; Data Delay ;
+--------+-------------------------+-------------------------+-------------------------+-------------------------+--------------+------------+------------+
; -1.764 ; count5bits:inst15|inst3 ; count5bits:inst15|inst3 ; count5bits:inst15|inst3 ; count5bits:inst15|inst2 ; 0.000        ; 4.690      ; 3.459      ;
; -1.264 ; count5bits:inst15|inst3 ; count5bits:inst15|inst3 ; count5bits:inst15|inst3 ; count5bits:inst15|inst2 ; -0.500       ; 4.690      ; 3.459      ;
+--------+-------------------------+-------------------------+-------------------------+-------------------------+--------------+------------+------------+


+----------------------------------------------------------------------------------------------------------------------------------------------------+
; Hold: 'count5bits:inst1|inst'                                                                                                                      ;
+--------+------------------------+------------------------+------------------------+-----------------------+--------------+------------+------------+
; Slack  ; From Node              ; To Node                ; Launch Clock           ; Latch Clock           ; Relationship ; Clock Skew ; Data Delay ;
+--------+------------------------+------------------------+------------------------+-----------------------+--------------+------------+------------+
; -0.829 ; count5bits:inst1|inst1 ; count5bits:inst1|inst1 ; count5bits:inst1|inst1 ; count5bits:inst1|inst ; 0.000        ; 3.686      ; 3.390      ;
; -0.329 ; count5bits:inst1|inst1 ; count5bits:inst1|inst1 ; count5bits:inst1|inst1 ; count5bits:inst1|inst ; -0.500       ; 3.686      ; 3.390      ;
+--------+------------------------+------------------------+------------------------+-----------------------+--------------+------------+------------+


+---------------------------------------------------------------------------------------------------------------------------------------------------------+
; Hold: 'count5bits:inst15|inst1'                                                                                                                         ;
+--------+-------------------------+-------------------------+-------------------------+-------------------------+--------------+------------+------------+
; Slack  ; From Node               ; To Node                 ; Launch Clock            ; Latch Clock             ; Relationship ; Clock Skew ; Data Delay ;
+--------+-------------------------+-------------------------+-------------------------+-------------------------+--------------+------------+------------+
; -0.826 ; count5bits:inst15|inst2 ; count5bits:inst15|inst2 ; count5bits:inst15|inst2 ; count5bits:inst15|inst1 ; 0.000        ; 3.713      ; 3.420      ;
; -0.326 ; count5bits:inst15|inst2 ; count5bits:inst15|inst2 ; count5bits:inst15|inst2 ; count5bits:inst15|inst1 ; -0.500       ; 3.713      ; 3.420      ;
+--------+-------------------------+-------------------------+-------------------------+-------------------------+--------------+------------+------------+


+----------------------------------------------------------------------------------------------------------------------------------------------------+
; Hold: 'count5bits:inst1|inst3'                                                                                                                     ;
+-------+------------------------+------------------------+------------------------+------------------------+--------------+------------+------------+
; Slack ; From Node              ; To Node                ; Launch Clock           ; Latch Clock            ; Relationship ; Clock Skew ; Data Delay ;
+-------+------------------------+------------------------+------------------------+------------------------+--------------+------------+------------+
; 3.351 ; count5bits:inst1|inst4 ; count5bits:inst1|inst4 ; count5bits:inst1|inst3 ; count5bits:inst1|inst3 ; 0.000        ; 0.000      ; 3.390      ;
+-------+------------------------+------------------------+------------------------+------------------------+--------------+------------+------------+


+--------------------------------------------------------------------------------------------------------------------------------------------------------+
; Hold: 'count5bits:inst15|inst3'                                                                                                                        ;
+-------+-------------------------+-------------------------+-------------------------+-------------------------+--------------+------------+------------+
; Slack ; From Node               ; To Node                 ; Launch Clock            ; Latch Clock             ; Relationship ; Clock Skew ; Data Delay ;
+-------+-------------------------+-------------------------+-------------------------+-------------------------+--------------+------------+------------+
; 3.390 ; count5bits:inst15|inst4 ; count5bits:inst15|inst4 ; count5bits:inst15|inst3 ; count5bits:inst15|inst3 ; 0.000        ; 0.000      ; 3.429      ;
+-------+-------------------------+-------------------------+-------------------------+-------------------------+--------------+------------+------------+


+-----------------------------------------------------------------------------------------------+
; Setup Transfers                                                                               ;
+-------------------------+-------------------------+----------+----------+----------+----------+
; From Clock              ; To Clock                ; RR Paths ; FR Paths ; RF Paths ; FF Paths ;
+-------------------------+-------------------------+----------+----------+----------+----------+
; CLK                     ; CLK                     ; 1026     ; 0        ; 0        ; 0        ;
; count5bits:inst15|inst  ; CLK                     ; 1        ; 1        ; 0        ; 0        ;
; count5bits:inst1|inst1  ; count5bits:inst1|inst   ; 1        ; 1        ; 0        ; 0        ;
; count5bits:inst1|inst2  ; count5bits:inst1|inst1  ; 1        ; 1        ; 0        ; 0        ;
; count5bits:inst1|inst3  ; count5bits:inst1|inst2  ; 1        ; 1        ; 0        ; 0        ;
; count5bits:inst1|inst3  ; count5bits:inst1|inst3  ; 1        ; 0        ; 0        ; 0        ;
; count5bits:inst15|inst1 ; count5bits:inst15|inst  ; 1        ; 1        ; 0        ; 0        ;
; count5bits:inst15|inst2 ; count5bits:inst15|inst1 ; 1        ; 1        ; 0        ; 0        ;
; count5bits:inst15|inst3 ; count5bits:inst15|inst2 ; 1        ; 1        ; 0        ; 0        ;
; count5bits:inst15|inst3 ; count5bits:inst15|inst3 ; 1        ; 0        ; 0        ; 0        ;
; count5bits:inst1|inst   ; fbctestclk              ; 1        ; 1        ; 0        ; 0        ;
+-------------------------+-------------------------+----------+----------+----------+----------+
Entries labeled "false path" only account for clock-to-clock false paths and not path-based false paths. As a result, actual path counts may be lower than reported.


+-----------------------------------------------------------------------------------------------+
; Hold Transfers                                                                                ;
+-------------------------+-------------------------+----------+----------+----------+----------+
; From Clock              ; To Clock                ; RR Paths ; FR Paths ; RF Paths ; FF Paths ;
+-------------------------+-------------------------+----------+----------+----------+----------+
; CLK                     ; CLK                     ; 1026     ; 0        ; 0        ; 0        ;
; count5bits:inst15|inst  ; CLK                     ; 1        ; 1        ; 0        ; 0        ;
; count5bits:inst1|inst1  ; count5bits:inst1|inst   ; 1        ; 1        ; 0        ; 0        ;
; count5bits:inst1|inst2  ; count5bits:inst1|inst1  ; 1        ; 1        ; 0        ; 0        ;
; count5bits:inst1|inst3  ; count5bits:inst1|inst2  ; 1        ; 1        ; 0        ; 0        ;
; count5bits:inst1|inst3  ; count5bits:inst1|inst3  ; 1        ; 0        ; 0        ; 0        ;
; count5bits:inst15|inst1 ; count5bits:inst15|inst  ; 1        ; 1        ; 0        ; 0        ;
; count5bits:inst15|inst2 ; count5bits:inst15|inst1 ; 1        ; 1        ; 0        ; 0        ;
; count5bits:inst15|inst3 ; count5bits:inst15|inst2 ; 1        ; 1        ; 0        ; 0        ;
; count5bits:inst15|inst3 ; count5bits:inst15|inst3 ; 1        ; 0        ; 0        ; 0        ;
; count5bits:inst1|inst   ; fbctestclk              ; 1        ; 1        ; 0        ; 0        ;
+-------------------------+-------------------------+----------+----------+----------+----------+
Entries labeled "false path" only account for clock-to-clock false paths and not path-based false paths. As a result, actual path counts may be lower than reported.


---------------
; Report TCCS ;
---------------
No dedicated SERDES Transmitter circuitry present in device or used in design


---------------
; Report RSKM ;
---------------
No non-DPA dedicated SERDES Receiver circuitry present in device or used in design


+------------------------------------------------+
; Unconstrained Paths Summary                    ;
+---------------------------------+-------+------+
; Property                        ; Setup ; Hold ;
+---------------------------------+-------+------+
; Illegal Clocks                  ; 0     ; 0    ;
; Unconstrained Clocks            ; 0     ; 0    ;
; Unconstrained Input Ports       ; 9     ; 9    ;
; Unconstrained Input Port Paths  ; 249   ; 249  ;
; Unconstrained Output Ports      ; 9     ; 9    ;
; Unconstrained Output Port Paths ; 57    ; 57   ;
+---------------------------------+-------+------+


+------------------------------------------------------------------------+
; Clock Status Summary                                                   ;
+-------------------------+-------------------------+------+-------------+
; Target                  ; Clock                   ; Type ; Status      ;
+-------------------------+-------------------------+------+-------------+
; CLK                     ; CLK                     ; Base ; Constrained ;
; count5bits:inst1|inst   ; count5bits:inst1|inst   ; Base ; Constrained ;
; count5bits:inst1|inst1  ; count5bits:inst1|inst1  ; Base ; Constrained ;
; count5bits:inst1|inst2  ; count5bits:inst1|inst2  ; Base ; Constrained ;
; count5bits:inst1|inst3  ; count5bits:inst1|inst3  ; Base ; Constrained ;
; count5bits:inst15|inst  ; count5bits:inst15|inst  ; Base ; Constrained ;
; count5bits:inst15|inst1 ; count5bits:inst15|inst1 ; Base ; Constrained ;
; count5bits:inst15|inst2 ; count5bits:inst15|inst2 ; Base ; Constrained ;
; count5bits:inst15|inst3 ; count5bits:inst15|inst3 ; Base ; Constrained ;
; fbctestclk              ; fbctestclk              ; Base ; Constrained ;
+-------------------------+-------------------------+------+-------------+


+-----------------------------------------------------------------------------------------------------------+
; Unconstrained Input Ports                                                                                 ;
+--------------------+--------------------------------------------------------------------------------------+
; Input Port         ; Comment                                                                              ;
+--------------------+--------------------------------------------------------------------------------------+
; CLK                ; No input delay, min/max delays, false-path exceptions, or max skew assignments found ;
; Dec                ; No input delay, min/max delays, false-path exceptions, or max skew assignments found ;
; Inc                ; No input delay, min/max delays, false-path exceptions, or max skew assignments found ;
; Initialize         ; No input delay, min/max delays, false-path exceptions, or max skew assignments found ;
; NightNOTday        ; No input delay, min/max delays, false-path exceptions, or max skew assignments found ;
; NightNOTday18      ; No input delay, min/max delays, false-path exceptions, or max skew assignments found ;
; fbctestrestart     ; No input delay, min/max delays, false-path exceptions, or max skew assignments found ;
; passiveNOTactive   ; No input delay, min/max delays, false-path exceptions, or max skew assignments found ;
; passiveNOTactive19 ; No input delay, min/max delays, false-path exceptions, or max skew assignments found ;
+--------------------+--------------------------------------------------------------------------------------+


+-----------------------------------------------------------------------------------------------------+
; Unconstrained Output Ports                                                                          ;
+-------------+---------------------------------------------------------------------------------------+
; Output Port ; Comment                                                                               ;
+-------------+---------------------------------------------------------------------------------------+
; Cool        ; No output delay, min/max delays, false-path exceptions, or max skew assignments found ;
; Heat        ; No output delay, min/max delays, false-path exceptions, or max skew assignments found ;
; Mof32       ; No output delay, min/max delays, false-path exceptions, or max skew assignments found ;
; SCL         ; No output delay, min/max delays, false-path exceptions, or max skew assignments found ;
; fbc0        ; No output delay, min/max delays, false-path exceptions, or max skew assignments found ;
; fbc1        ; No output delay, min/max delays, false-path exceptions, or max skew assignments found ;
; fbc2        ; No output delay, min/max delays, false-path exceptions, or max skew assignments found ;
; fbc3        ; No output delay, min/max delays, false-path exceptions, or max skew assignments found ;
; fbc4        ; No output delay, min/max delays, false-path exceptions, or max skew assignments found ;
+-------------+---------------------------------------------------------------------------------------+


+-----------------------------------------------------------------------------------------------------------+
; Unconstrained Input Ports                                                                                 ;
+--------------------+--------------------------------------------------------------------------------------+
; Input Port         ; Comment                                                                              ;
+--------------------+--------------------------------------------------------------------------------------+
; CLK                ; No input delay, min/max delays, false-path exceptions, or max skew assignments found ;
; Dec                ; No input delay, min/max delays, false-path exceptions, or max skew assignments found ;
; Inc                ; No input delay, min/max delays, false-path exceptions, or max skew assignments found ;
; Initialize         ; No input delay, min/max delays, false-path exceptions, or max skew assignments found ;
; NightNOTday        ; No input delay, min/max delays, false-path exceptions, or max skew assignments found ;
; NightNOTday18      ; No input delay, min/max delays, false-path exceptions, or max skew assignments found ;
; fbctestrestart     ; No input delay, min/max delays, false-path exceptions, or max skew assignments found ;
; passiveNOTactive   ; No input delay, min/max delays, false-path exceptions, or max skew assignments found ;
; passiveNOTactive19 ; No input delay, min/max delays, false-path exceptions, or max skew assignments found ;
+--------------------+--------------------------------------------------------------------------------------+


+-----------------------------------------------------------------------------------------------------+
; Unconstrained Output Ports                                                                          ;
+-------------+---------------------------------------------------------------------------------------+
; Output Port ; Comment                                                                               ;
+-------------+---------------------------------------------------------------------------------------+
; Cool        ; No output delay, min/max delays, false-path exceptions, or max skew assignments found ;
; Heat        ; No output delay, min/max delays, false-path exceptions, or max skew assignments found ;
; Mof32       ; No output delay, min/max delays, false-path exceptions, or max skew assignments found ;
; SCL         ; No output delay, min/max delays, false-path exceptions, or max skew assignments found ;
; fbc0        ; No output delay, min/max delays, false-path exceptions, or max skew assignments found ;
; fbc1        ; No output delay, min/max delays, false-path exceptions, or max skew assignments found ;
; fbc2        ; No output delay, min/max delays, false-path exceptions, or max skew assignments found ;
; fbc3        ; No output delay, min/max delays, false-path exceptions, or max skew assignments found ;
; fbc4        ; No output delay, min/max delays, false-path exceptions, or max skew assignments found ;
+-------------+---------------------------------------------------------------------------------------+


+------------------------------------+
; TimeQuest Timing Analyzer Messages ;
+------------------------------------+
Info: *******************************************************************
Info: Running Quartus Prime TimeQuest Timing Analyzer
    Info: Version 17.1.0 Build 590 10/25/2017 SJ Lite Edition
    Info: Processing started: Thu Dec 21 18:04:15 2017
Info: Command: quartus_sta HexpointThermostat -c HexpointThermostat
Info: qsta_default_script.tcl version: #3
Warning (18236): Number of processors has not been specified which may cause overloading on shared machines.  Set the global assignment NUM_PARALLEL_PROCESSORS in your QSF to an appropriate value for best performance.
Info (20030): Parallel compilation is enabled and will use 2 of the 2 processors detected
Info (21077): Low junction temperature is 0 degrees C
Info (21077): High junction temperature is 85 degrees C
Info (334003): Started post-fitting delay annotation
Info (334004): Delay annotation completed successfully
Critical Warning (332012): Synopsys Design Constraints File file not found: 'HexpointThermostat.sdc'. A Synopsys Design Constraints File is required by the TimeQuest Timing Analyzer to get proper timing constraints. Without it, the Compiler will not properly optimize the design.
Info (332142): No user constrained base clocks found in the design. Calling "derive_clocks -period 1.0"
Info (332105): Deriving Clocks
    Info (332105): create_clock -period 1.000 -name fbctestclk fbctestclk
    Info (332105): create_clock -period 1.000 -name count5bits:inst1|inst count5bits:inst1|inst
    Info (332105): create_clock -period 1.000 -name count5bits:inst1|inst2 count5bits:inst1|inst2
    Info (332105): create_clock -period 1.000 -name count5bits:inst1|inst3 count5bits:inst1|inst3
    Info (332105): create_clock -period 1.000 -name count5bits:inst1|inst1 count5bits:inst1|inst1
    Info (332105): create_clock -period 1.000 -name CLK CLK
    Info (332105): create_clock -period 1.000 -name count5bits:inst15|inst3 count5bits:inst15|inst3
    Info (332105): create_clock -period 1.000 -name count5bits:inst15|inst2 count5bits:inst15|inst2
    Info (332105): create_clock -period 1.000 -name count5bits:inst15|inst1 count5bits:inst15|inst1
    Info (332105): create_clock -period 1.000 -name count5bits:inst15|inst count5bits:inst15|inst
Info: Found TIMEQUEST_REPORT_SCRIPT_INCLUDE_DEFAULT_ANALYSIS = ON
Info: Can't run Report Timing Closure Recommendations. The current device family is not supported.
Critical Warning (332148): Timing requirements not met
Info (332146): Worst-case setup slack is -17.133
    Info (332119):     Slack       End Point TNS Clock 
    Info (332119): ========= =================== =====================
    Info (332119):   -17.133           -1034.656 CLK 
    Info (332119):    -2.750              -2.750 count5bits:inst15|inst3 
    Info (332119):    -2.711              -2.711 count5bits:inst1|inst3 
    Info (332119):     0.966               0.000 count5bits:inst15|inst1 
    Info (332119):     0.969               0.000 count5bits:inst1|inst 
    Info (332119):     1.904               0.000 count5bits:inst15|inst2 
    Info (332119):     1.983               0.000 count5bits:inst15|inst 
    Info (332119):     2.018               0.000 count5bits:inst1|inst2 
    Info (332119):     3.216               0.000 fbctestclk 
    Info (332119):     3.705               0.000 count5bits:inst1|inst1 
Info (332146): Worst-case hold slack is -3.565
    Info (332119):     Slack       End Point TNS Clock 
    Info (332119): ========= =================== =====================
    Info (332119):    -3.565              -3.565 count5bits:inst1|inst1 
    Info (332119):    -3.076              -3.076 fbctestclk 
    Info (332119):    -1.975              -1.975 CLK 
    Info (332119):    -1.878              -1.878 count5bits:inst1|inst2 
    Info (332119):    -1.843              -1.843 count5bits:inst15|inst 
    Info (332119):    -1.764              -1.764 count5bits:inst15|inst2 
    Info (332119):    -0.829              -0.829 count5bits:inst1|inst 
    Info (332119):    -0.826              -0.826 count5bits:inst15|inst1 
    Info (332119):     3.351               0.000 count5bits:inst1|inst3 
    Info (332119):     3.390               0.000 count5bits:inst15|inst3 
Info (332140): No Recovery paths to report
Info (332140): No Removal paths to report
Info (332146): Worst-case minimum pulse width slack is -2.289
    Info (332119):     Slack       End Point TNS Clock 
    Info (332119): ========= =================== =====================
    Info (332119):    -2.289              -2.289 CLK 
    Info (332119):    -2.289              -2.289 fbctestclk 
    Info (332119):     0.161               0.000 count5bits:inst15|inst 
    Info (332119):     0.161               0.000 count5bits:inst15|inst1 
    Info (332119):     0.161               0.000 count5bits:inst15|inst2 
    Info (332119):     0.161               0.000 count5bits:inst15|inst3 
    Info (332119):     0.161               0.000 count5bits:inst1|inst 
    Info (332119):     0.161               0.000 count5bits:inst1|inst1 
    Info (332119):     0.161               0.000 count5bits:inst1|inst2 
    Info (332119):     0.161               0.000 count5bits:inst1|inst3 
Info (332001): The selected device family is not supported by the report_metastability command.
Info (332102): Design is not fully constrained for setup requirements
Info (332102): Design is not fully constrained for hold requirements
Info: Quartus Prime TimeQuest Timing Analyzer was successful. 0 errors, 3 warnings
    Info: Peak virtual memory: 546 megabytes
    Info: Processing ended: Thu Dec 21 18:04:16 2017
    Info: Elapsed time: 00:00:01
    Info: Total CPU time (on all processors): 00:00:01


