------------------------------------------------------------
TimeQuest Timing Analyzer Summary
------------------------------------------------------------

Type  : Setup 'count7bits:inst22|inst'
Slack : -24.643
TNS   : -42.157

Type  : Setup 'count7bits:inst22|inst3'
Slack : -23.718
TNS   : -40.307

Type  : Setup 'count7bits:inst22|inst4'
Slack : -22.257
TNS   : -37.385

Type  : Setup 'count7bits:inst22|inst7'
Slack : -22.134
TNS   : -40.264

Type  : Setup 'count7bits:inst22|inst1'
Slack : -22.081
TNS   : -37.033

Type  : Setup 'count7bits:inst22|inst2'
Slack : -20.976
TNS   : -34.823

Type  : Setup 'RTC'
Slack : -20.680
TNS   : -1616.702

Type  : Setup 'count5bits:inst15|inst3'
Slack : -3.125
TNS   : -3.125

Type  : Setup 'count5bits:inst15|inst1'
Slack : 0.966
TNS   : 0.000

Type  : Setup 'count5bits:inst15|inst'
Slack : 1.624
TNS   : 0.000

Type  : Setup 'count5bits:inst15|inst2'
Slack : 3.629
TNS   : 0.000

Type  : Hold 'count7bits:inst22|inst2'
Slack : -4.469
TNS   : -9.864

Type  : Hold 'count7bits:inst22|inst'
Slack : -3.593
TNS   : -4.395

Type  : Hold 'count5bits:inst15|inst2'
Slack : -3.489
TNS   : -3.489

Type  : Hold 'count7bits:inst22|inst1'
Slack : -3.364
TNS   : -6.621

Type  : Hold 'count7bits:inst22|inst7'
Slack : -3.311
TNS   : -5.695

Type  : Hold 'count7bits:inst22|inst4'
Slack : -3.188
TNS   : -7.272

Type  : Hold 'RTC'
Slack : -1.976
TNS   : -3.561

Type  : Hold 'count7bits:inst22|inst3'
Slack : -1.727
TNS   : -3.366

Type  : Hold 'count5bits:inst15|inst'
Slack : -1.484
TNS   : -1.484

Type  : Hold 'count5bits:inst15|inst1'
Slack : -0.826
TNS   : -0.826

Type  : Hold 'count5bits:inst15|inst3'
Slack : 3.765
TNS   : 0.000

Type  : Recovery 'RTC'
Slack : -13.660
TNS   : -345.843

Type  : Removal 'RTC'
Slack : 4.699
TNS   : 0.000

Type  : Minimum Pulse Width 'RTC'
Slack : -2.289
TNS   : -2.289

Type  : Minimum Pulse Width 'count5bits:inst15|inst'
Slack : 0.161
TNS   : 0.000

Type  : Minimum Pulse Width 'count5bits:inst15|inst1'
Slack : 0.161
TNS   : 0.000

Type  : Minimum Pulse Width 'count5bits:inst15|inst2'
Slack : 0.161
TNS   : 0.000

Type  : Minimum Pulse Width 'count5bits:inst15|inst3'
Slack : 0.161
TNS   : 0.000

Type  : Minimum Pulse Width 'count7bits:inst22|inst'
Slack : 0.161
TNS   : 0.000

Type  : Minimum Pulse Width 'count7bits:inst22|inst1'
Slack : 0.161
TNS   : 0.000

Type  : Minimum Pulse Width 'count7bits:inst22|inst2'
Slack : 0.161
TNS   : 0.000

Type  : Minimum Pulse Width 'count7bits:inst22|inst3'
Slack : 0.161
TNS   : 0.000

Type  : Minimum Pulse Width 'count7bits:inst22|inst4'
Slack : 0.161
TNS   : 0.000

Type  : Minimum Pulse Width 'count7bits:inst22|inst7'
Slack : 0.161
TNS   : 0.000

------------------------------------------------------------
